// Jest Snapshot v1, https://goo.gl/fbAQLP

exports[`should render DashboardPage without props 1`] = `
<div>
  DashboardPage Content
</div>
`;
